Release 14.7 - xst P.20131013 (lin64)
Copyright (c) 1995-2013 Xilinx, Inc.  All rights reserved.
--> 
Parameter TMPDIR set to xst/projnav.tmp


Total REAL time to Xst completion: 1.00 secs
Total CPU time to Xst completion: 0.15 secs
 
--> 
Parameter xsthdpdir set to xst


Total REAL time to Xst completion: 1.00 secs
Total CPU time to Xst completion: 0.16 secs
 
--> 
Reading design: ctrl_arith_u.prj

TABLE OF CONTENTS
  1) Synthesis Options Summary
  2) HDL Parsing
  3) HDL Elaboration
  4) HDL Synthesis
       4.1) HDL Synthesis Report
  5) Advanced HDL Synthesis
       5.1) Advanced HDL Synthesis Report
  6) Low Level Synthesis
  7) Partition Report
  8) Design Summary
       8.1) Primitive and Black Box Usage
       8.2) Device utilization summary
       8.3) Partition Resource Summary
       8.4) Timing Report
            8.4.1) Clock Information
            8.4.2) Asynchronous Control Signals Information
            8.4.3) Timing Summary
            8.4.4) Timing Details
            8.4.5) Cross Clock Domains Report


=========================================================================
*                      Synthesis Options Summary                        *
=========================================================================
---- Source Parameters
Input File Name                    : "ctrl_arith_u.prj"
Ignore Synthesis Constraint File   : NO

---- Target Parameters
Output File Name                   : "ctrl_arith_u"
Output Format                      : NGC
Target Device                      : xc7a100t-3-csg324

---- Source Options
Top Module Name                    : ctrl_arith_u
Automatic FSM Extraction           : YES
FSM Encoding Algorithm             : Auto
Safe Implementation                : No
FSM Style                          : LUT
RAM Extraction                     : Yes
RAM Style                          : Auto
ROM Extraction                     : Yes
Shift Register Extraction          : YES
ROM Style                          : Auto
Resource Sharing                   : YES
Asynchronous To Synchronous        : NO
Shift Register Minimum Size        : 2
Use DSP Block                      : Auto
Automatic Register Balancing       : No

---- Target Options
LUT Combining                      : Auto
Reduce Control Sets                : Auto
Add IO Buffers                     : YES
Global Maximum Fanout              : 100000
Add Generic Clock Buffer(BUFG)     : 32
Register Duplication               : YES
Optimize Instantiated Primitives   : NO
Use Clock Enable                   : Auto
Use Synchronous Set                : Auto
Use Synchronous Reset              : Auto
Pack IO Registers into IOBs        : Auto
Equivalent register Removal        : YES

---- General Options
Optimization Goal                  : Speed
Optimization Effort                : 1
Power Reduction                    : NO
Keep Hierarchy                     : No
Netlist Hierarchy                  : As_Optimized
RTL Output                         : Yes
Global Optimization                : AllClockNets
Read Cores                         : YES
Write Timing Constraints           : NO
Cross Clock Analysis               : NO
Hierarchy Separator                : /
Bus Delimiter                      : <>
Case Specifier                     : Maintain
Slice Utilization Ratio            : 100
BRAM Utilization Ratio             : 100
DSP48 Utilization Ratio            : 100
Auto BRAM Packing                  : NO
Slice Utilization Ratio Delta      : 5

=========================================================================


=========================================================================
*                          HDL Parsing                                  *
=========================================================================
Parsing VHDL file "/media/sf_XilinxShared/microprocessor/source/basic_devs.vhd" into library work
Parsing package <basic_devs>.
Parsing VHDL file "/media/sf_XilinxShared/microprocessor/source/basic/comp2bit.vhd" into library work
Parsing entity <comp2bit>.
Parsing architecture <behavioral> of entity <comp2bit>.
Parsing VHDL file "/media/sf_XilinxShared/microprocessor/source/basic/comp4bit.vhd" into library work
Parsing entity <comp4bit>.
Parsing architecture <behavioral> of entity <comp4bit>.
Parsing VHDL file "/media/sf_XilinxShared/microprocessor/source/alu/ctrl_arith_u.vhd" into library work
Parsing entity <ctrl_arith_u>.
Parsing architecture <behavioral> of entity <ctrl_arith_u>.

=========================================================================
*                            HDL Elaboration                            *
=========================================================================

Elaborating entity <ctrl_arith_u> (architecture <behavioral>) from library <work>.

Elaborating entity <comp4bit> (architecture <behavioral>) from library <work>.

Elaborating entity <comp2bit> (architecture <behavioral>) from library <work>.
INFO:HDLCompiler:679 - "/media/sf_XilinxShared/microprocessor/source/alu/ctrl_arith_u.vhd" Line 32. Case statement is complete. others clause is never selected
INFO:HDLCompiler:679 - "/media/sf_XilinxShared/microprocessor/source/alu/ctrl_arith_u.vhd" Line 41. Case statement is complete. others clause is never selected
INFO:HDLCompiler:679 - "/media/sf_XilinxShared/microprocessor/source/alu/ctrl_arith_u.vhd" Line 61. Case statement is complete. others clause is never selected
INFO:HDLCompiler:679 - "/media/sf_XilinxShared/microprocessor/source/alu/ctrl_arith_u.vhd" Line 69. Case statement is complete. others clause is never selected

=========================================================================
*                           HDL Synthesis                               *
=========================================================================

Synthesizing Unit <ctrl_arith_u>.
    Related source file is "/media/sf_XilinxShared/microprocessor/source/alu/ctrl_arith_u.vhd".
INFO:Xst:3210 - "/media/sf_XilinxShared/microprocessor/source/alu/ctrl_arith_u.vhd" line 22: Output port <is_b> of the instance <comparator> is unconnected or connected to loadless signal.
INFO:Xst:3210 - "/media/sf_XilinxShared/microprocessor/source/alu/ctrl_arith_u.vhd" line 22: Output port <are_equal> of the instance <comparator> is unconnected or connected to loadless signal.
    Found 4-bit 3-to-1 multiplexer for signal <c[1]_b[3]_wide_mux_2_OUT> created at line 35.
    Found 4-bit 4-to-1 multiplexer for signal <c[1]_PWR_4_o_wide_mux_12_OUT> created at line 64.
WARNING:Xst:737 - Found 1-bit latch for signal <fix>. Latches may be generated from incomplete case or if statements. We do not recommend the use of latches in FPGA/CPLD designs, as they may lead to timing problems.
    Summary:
	inferred   1 Latch(s).
	inferred  14 Multiplexer(s).
Unit <ctrl_arith_u> synthesized.

Synthesizing Unit <comp4bit>.
    Related source file is "/media/sf_XilinxShared/microprocessor/source/basic/comp4bit.vhd".
    Summary:
	no macro.
Unit <comp4bit> synthesized.

Synthesizing Unit <comp2bit>.
    Related source file is "/media/sf_XilinxShared/microprocessor/source/basic/comp2bit.vhd".
    Summary:
Unit <comp2bit> synthesized.

=========================================================================
HDL Synthesis Report

Macro Statistics
# Latches                                              : 1
 1-bit latch                                           : 1
# Multiplexers                                         : 14
 1-bit 2-to-1 multiplexer                              : 5
 4-bit 2-to-1 multiplexer                              : 7
 4-bit 3-to-1 multiplexer                              : 1
 4-bit 4-to-1 multiplexer                              : 1
# Xors                                                 : 4
 1-bit xor2                                            : 4

=========================================================================

=========================================================================
*                       Advanced HDL Synthesis                          *
=========================================================================


=========================================================================
Advanced HDL Synthesis Report

Macro Statistics
# Multiplexers                                         : 14
 1-bit 2-to-1 multiplexer                              : 5
 4-bit 2-to-1 multiplexer                              : 7
 4-bit 3-to-1 multiplexer                              : 1
 4-bit 4-to-1 multiplexer                              : 1
# Xors                                                 : 4
 1-bit xor2                                            : 4

=========================================================================

=========================================================================
*                         Low Level Synthesis                           *
=========================================================================

Optimizing unit <ctrl_arith_u> ...

Mapping all equations...
Building and optimizing final netlist ...
Found area constraint ratio of 100 (+ 5) on block ctrl_arith_u, actual ratio is 0.

Final Macro Processing ...

=========================================================================
Final Register Report

Found no macro
=========================================================================

=========================================================================
*                           Partition Report                            *
=========================================================================

Partition Implementation Status
-------------------------------

  No Partitions were found in this design.

-------------------------------

=========================================================================
*                            Design Summary                             *
=========================================================================

Top Level Output File Name         : ctrl_arith_u.ngc

Primitive and Black Box Usage:
------------------------------
# BELS                             : 15
#      LUT3                        : 4
#      LUT4                        : 2
#      LUT5                        : 2
#      LUT6                        : 7
# FlipFlops/Latches                : 1
#      LD                          : 1
# IO Buffers                       : 20
#      IBUF                        : 11
#      OBUF                        : 9

Device utilization summary:
---------------------------

Selected Device : 7a100tcsg324-3 


Slice Logic Utilization: 
 Number of Slice LUTs:                   15  out of  63400     0%  
    Number used as Logic:                15  out of  63400     0%  

Slice Logic Distribution: 
 Number of LUT Flip Flop pairs used:     15
   Number with an unused Flip Flop:      15  out of     15   100%  
   Number with an unused LUT:             0  out of     15     0%  
   Number of fully used LUT-FF pairs:     0  out of     15     0%  
   Number of unique control sets:         1

IO Utilization: 
 Number of IOs:                          20
 Number of bonded IOBs:                  20  out of    210     9%  
    IOB Flip Flops/Latches:               1

Specific Feature Utilization:

---------------------------
Partition Resource Summary:
---------------------------

  No Partitions were found in this design.

---------------------------


=========================================================================
Timing Report

NOTE: THESE TIMING NUMBERS ARE ONLY A SYNTHESIS ESTIMATE.
      FOR ACCURATE TIMING INFORMATION PLEASE REFER TO THE TRACE REPORT
      GENERATED AFTER PLACE-and-ROUTE.

Clock Information:
------------------
-------------------------------------------+------------------------+-------+
Clock Signal                               | Clock buffer(FF name)  | Load  |
-------------------------------------------+------------------------+-------+
ci_c[1]_MUX_14_o(Mmux_ci_c[1]_MUX_14_o11:O)| NONE(*)(fix)           | 1     |
-------------------------------------------+------------------------+-------+
(*) This 1 clock signal(s) are generated by combinatorial logic,
and XST is not able to identify which are the primary clock signals.
Please use the CLOCK_SIGNAL constraint to specify the clock signal(s) generated by combinatorial logic.
INFO:Xst:2169 - HDL ADVISOR - Some clock signals were not automatically buffered by XST with BUFG/BUFR resources. Please use the buffer_type constraint in order to insert these buffers to the clock signals to help prevent skew problems.

Asynchronous Control Signals Information:
----------------------------------------
No asynchronous control signals found in this design

Timing Summary:
---------------
Speed Grade: -3

   Minimum period: No path found
   Minimum input arrival time before clock: 1.654ns
   Maximum output required time after clock: 0.751ns
   Maximum combinational path delay: 2.855ns

Timing Details:
---------------
All values displayed in nanoseconds (ns)

=========================================================================
Timing constraint: Default OFFSET IN BEFORE for Clock 'ci_c[1]_MUX_14_o'
  Total number of paths / destination ports: 10 / 1
-------------------------------------------------------------------------
Offset:              1.654ns (Levels of Logic = 4)
  Source:            b<1> (PAD)
  Destination:       fix (LATCH)
  Destination Clock: ci_c[1]_MUX_14_o falling

  Data Path: b<1> to fix
                                Gate     Net
    Cell:in->out      fanout   Delay   Delay  Logical Name (Net Name)
    ----------------------------------------  ------------
     IBUF:I->O             3   0.001   0.566  b_1_IBUF (b_1_IBUF)
     LUT4:I0->O            1   0.097   0.379  comparator/is_a_SW0 (N01)
     LUT5:I3->O            9   0.097   0.416  comparator/is_a (is_a)
     LUT3:I1->O            1   0.097   0.000  Mmux_c[1]_c[1]_MUX_13_o11 (c[1]_c[1]_MUX_13_o)
     LD:D                     -0.028          fix
    ----------------------------------------
    Total                      1.654ns (0.292ns logic, 1.362ns route)
                                       (17.7% logic, 82.3% route)

=========================================================================
Timing constraint: Default OFFSET OUT AFTER for Clock 'ci_c[1]_MUX_14_o'
  Total number of paths / destination ports: 1 / 1
-------------------------------------------------------------------------
Offset:              0.751ns (Levels of Logic = 1)
  Source:            fix (LATCH)
  Destination:       fix (PAD)
  Source Clock:      ci_c[1]_MUX_14_o falling

  Data Path: fix to fix
                                Gate     Net
    Cell:in->out      fanout   Delay   Delay  Logical Name (Net Name)
    ----------------------------------------  ------------
     LD:G->Q               1   0.472   0.279  fix (fix_OBUF)
     OBUF:I->O                 0.000          fix_OBUF (fix)
    ----------------------------------------
    Total                      0.751ns (0.472ns logic, 0.279ns route)
                                       (62.8% logic, 37.2% route)

=========================================================================
Timing constraint: Default path analysis
  Total number of paths / destination ports: 138 / 8
-------------------------------------------------------------------------
Delay:               2.855ns (Levels of Logic = 6)
  Source:            b<1> (PAD)
  Destination:       a_prime<3> (PAD)

  Data Path: b<1> to a_prime<3>
                                Gate     Net
    Cell:in->out      fanout   Delay   Delay  Logical Name (Net Name)
    ----------------------------------------  ------------
     IBUF:I->O             3   0.001   0.566  b_1_IBUF (b_1_IBUF)
     LUT4:I0->O            1   0.097   0.379  comparator/is_a_SW0 (N01)
     LUT5:I3->O            9   0.097   0.548  comparator/is_a (is_a)
     LUT4:I1->O            3   0.097   0.693  Mmux_a_prime211 (Mmux_a_prime21)
     LUT6:I1->O            1   0.097   0.279  Mmux_a_prime21 (a_prime_1_OBUF)
     OBUF:I->O                 0.000          a_prime_1_OBUF (a_prime<1>)
    ----------------------------------------
    Total                      2.855ns (0.389ns logic, 2.466ns route)
                                       (13.6% logic, 86.4% route)

=========================================================================

Cross Clock Domains Report:
--------------------------

=========================================================================


Total REAL time to Xst completion: 36.00 secs
Total CPU time to Xst completion: 29.46 secs
 
--> 


Total memory usage is 594208 kilobytes

Number of errors   :    0 (   0 filtered)
Number of warnings :    1 (   0 filtered)
Number of infos    :    3 (   0 filtered)

